BMI270.c:795:6:bmi270_spi_write_8	32	static
BMI270.c:747:6:bmi270_pwr_conf	8	static
BMI270.c:810:6:bmi270_spi_write_burst	32	static
BMI270.c:826:9:bmi270_spi_read_8	24	static
BMI270.c:769:10:bmi270_read_gyro	16	static
BMI270.c:781:10:bmi270_read_accel	16	static
BMI270.c:840:6:bmi270_getGyroConf	8	static
BMI270.c:852:6:bmi270_setGyroConf	8	static
BMI270.c:859:6:bmi270_getAccConf	8	static
BMI270.c:866:6:bmi270_setAccConf	8	static
BMI270.c:875:6:bmi270_getGyroRange	8	static
BMI270.c:900:6:bmi270_getAccelRange	8	static
BMI270.c:919:6:bmi270_calibrateInit	0	static
BMI270.c:931:6:bmi270_calibrateNoise	0	static
BMI270.c:973:13:bmi270_codeToStr	0	static
BMI270.c:965:6:bmi270_print	8	static
BMI270.c:702:6:bmi270_spi_init	8	static
BMI270.c:729:6:bmi270_spi_init_check	8	static
