AS5048A.c:15:10:as5048a_read	24	static
AS5048A.c:45:10:as5048a_getRawRotation	0	static
AS5048A.c:52:6:as5048a_init	24	static
AS5048A.c:68:7:as5048a_normalize	8	static
AS5048A.c:82:7:as5048a_normalizeRad	8	static
AS5048A.c:96:6:as5048a_setZeroArg	8	static
AS5048A.c:104:7:as5048a_readToAngle	0	static
AS5048A.c:112:7:as5048a_readToAngleRad	0	static
AS5048A.c:116:9:calcEvenParity	0	static
AS5048A.c:132:6:as5048a_getAngle	16	static
AS5048A.c:140:6:as5048a_getAngleRad	16	static
AS5048A.c:148:6:as5048a_setZero	8	static
AS5048A.c:156:6:as5048a_getVelocity	24	static
