BMI270.c:702:6:bmi270_spi_init	24	static
BMI270.c:733:6:bmi270_pwr_conf	24	static
BMI270.c:755:10:bmi270_read_gyro	32	static
BMI270.c:766:10:bmi270_read_accel	32	static
BMI270.c:776:6:bmi270_spi_init_check	24	static
BMI270.c:792:6:bmi270_spi_write_8	32	static
BMI270.c:807:6:bmi270_spi_write_burst	24	static
BMI270.c:823:9:bmi270_spi_read_8	24	static
BMI270.c:837:6:bmi270_getGyroConf	32	static
BMI270.c:849:6:bmi270_setGyroConf	32	static
BMI270.c:856:6:bmi270_getAccConf	24	static
BMI270.c:863:6:bmi270_setAccConf	32	static
BMI270.c:872:6:bmi270_getGyroRange	16	static
BMI270.c:897:6:bmi270_getAccelRange	16	static
BMI270.c:916:6:bmi270_calibrateInit	0	static
BMI270.c:928:6:bmi270_calibrateNoise	0	static
BMI270.c:962:6:bmi270_print	8	static
BMI270.c:970:13:bmi270_codeToStr	0	static
