BMI270.c:702:6:bmi270_spi_init	24	static
BMI270.c:729:6:bmi270_spi_init_check	24	static
BMI270.c:747:6:bmi270_pwr_conf	24	static
BMI270.c:769:10:bmi270_read_gyro	32	static
BMI270.c:780:10:bmi270_read_accel	32	static
BMI270.c:793:6:bmi270_spi_write_8	32	static
BMI270.c:808:6:bmi270_spi_write_burst	24	static
BMI270.c:824:9:bmi270_spi_read_8	24	static
BMI270.c:838:6:bmi270_getGyroConf	32	static
BMI270.c:850:6:bmi270_setGyroConf	32	static
BMI270.c:857:6:bmi270_getAccConf	24	static
BMI270.c:864:6:bmi270_setAccConf	32	static
BMI270.c:873:6:bmi270_getGyroRange	16	static
BMI270.c:898:6:bmi270_getAccelRange	16	static
BMI270.c:917:6:bmi270_calibrateInit	0	static
BMI270.c:929:6:bmi270_calibrateNoise	0	static
BMI270.c:963:6:bmi270_print	8	static
BMI270.c:971:13:bmi270_codeToStr	0	static
