stm32f4xx_hal_msp.c:67:6:HAL_MspInit	8	static
stm32f4xx_hal_msp.c:91:6:HAL_ADC_MspInit	56	static
stm32f4xx_hal_msp.c:161:6:HAL_ADC_MspDeInit	8	static
stm32f4xx_hal_msp.c:201:6:HAL_SPI_MspInit	48	static
stm32f4xx_hal_msp.c:238:6:HAL_SPI_MspDeInit	0	static
stm32f4xx_hal_msp.c:268:6:HAL_TIM_Base_MspInit	8	static
stm32f4xx_hal_msp.c:290:6:HAL_TIM_PWM_MspInit	8	static
stm32f4xx_hal_msp.c:323:6:HAL_TIM_OC_MspInit	8	static
stm32f4xx_hal_msp.c:339:6:HAL_TIM_MspPostInit	56	static
stm32f4xx_hal_msp.c:426:6:HAL_TIM_Base_MspDeInit	0	static
stm32f4xx_hal_msp.c:448:6:HAL_TIM_PWM_MspDeInit	0	static
stm32f4xx_hal_msp.c:481:6:HAL_TIM_OC_MspDeInit	0	static
stm32f4xx_hal_msp.c:503:6:HAL_UART_MspInit	48	static
stm32f4xx_hal_msp.c:538:6:HAL_UART_MspDeInit	0	static
