main.c:170:5:main	16	static
main.c:371:6:SystemClock_Config	88	static
main.c:416:13:MX_ADC1_Init	24	static
main.c:530:13:MX_I2C1_Init	8	static
main.c:564:13:MX_SPI1_Init	8	static
main.c:602:13:MX_TIM1_Init	96	static
main.c:681:13:MX_TIM2_Init	64	static
main.c:748:13:MX_TIM3_Init	64	static
main.c:815:13:MX_USART2_UART_Init	8	static
main.c:846:13:MX_DMA_Init	16	static
main.c:864:13:MX_GPIO_Init	48	static
main.c:903:6:HAL_ADC_ConvCpltCallback	16	static
main.c:912:6:Error_Handler	4	static,ignoring_inline_asm
