main.c:93:5:main	32	static
main.c:182:19:icm20602_write	40	static
main.c:192:19:icm20602_write_config	40	static
main.c:202:19:icm20602_write_i2c_if	40	static
main.c:212:19:icm20602_write_smplrt_div	40	static
main.c:222:19:icm20602_write_user_ctrl	40	static
main.c:232:19:icm20602_write_pwr_1	40	static
main.c:243:19:icm20602_read_pwr_1	40	static
main.c:263:19:icm20602_write_pwr_2	40	static
main.c:274:19:icm20602_read_pwr_2	40	static
main.c:299:19:icm20602_read_gyro	48	static
main.c:317:19:icm20602_read_gyro_offset	48	static
main.c:336:19:icm20602_read_whoami	40	static
main.c:352:19:icm20602_read_gyro_config	40	static
main.c:368:19:icm20602_write_gyro_config	40	static
main.c:383:6:SystemClock_Config	88	static
main.c:430:13:MX_I2C1_Init	8	static
main.c:464:13:MX_USART2_UART_Init	8	static
main.c:497:13:MX_GPIO_Init	48	static
main.c:533:6:Error_Handler	4	static,ignoring_inline_asm
